[Calm-2 ~] mkdir sdss_project
[Calm-2 ~] cd !$
cd sdss_project
[Calm-2 sdss_project] ls
[Calm-2 sdss_project] git init
Initialized empty Git repository in /Users/wmwv/sdss_project/.git/
[Calm-2 sdss_project] ls -la
total 0
drwxrwxr-x    3 wmwv  staff   102 Mar 31 13:27 ./
drwxr-xr-x+ 213 wmwv  staff  7242 Mar 31 13:27 ../
drwxrwxr-x   10 wmwv  staff   340 Mar 31 13:27 .git/
[Calm-2 sdss_project] ls -la .git
total 24
drwxrwxr-x  10 wmwv  staff  340 Mar 31 13:27 ./
drwxrwxr-x   3 wmwv  staff  102 Mar 31 13:27 ../
-rw-rw-r--   1 wmwv  staff   23 Mar 31 13:27 HEAD
drwxrwxr-x   2 wmwv  staff   68 Mar 31 13:27 branches/
-rw-rw-r--   1 wmwv  staff  137 Mar 31 13:27 config
-rw-rw-r--   1 wmwv  staff   73 Mar 31 13:27 description
drwxrwxr-x  11 wmwv  staff  374 Mar 31 13:27 hooks/
drwxrwxr-x   3 wmwv  staff  102 Mar 31 13:27 info/
drwxrwxr-x   4 wmwv  staff  136 Mar 31 13:27 objects/
drwxrwxr-x   4 wmwv  staff  136 Mar 31 13:27 refs/
[Calm-2 sdss_project] mv "~/Downloads/result(1).fits" result.fits
mv: rename ~/Downloads/result(1).fits to result.fits: No such file or directory
[Calm-2 sdss_project] mv "/Users/wmwv/Downloads/result(1).fits" result.fits
[Calm-2 sdss_project] vi simple_results_sdss.sql
[Calm-2 sdss_project] ipy 
Python 2.7.6 (default, Jan 11 2014, 14:12:51) 
Type "copyright", "credits" or "license" for more information.

IPython 1.1.0 -- An enhanced Interactive Python.
?         -> Introduction and overview of IPython's features.
%quickref -> Quick reference.
help      -> Python's own help system.
object?   -> Details about 'object', use 'object??' for extra details.
Using matplotlib backend: GTKAgg

In [1]: from astropy.io import fits

In [2]: file='result.fits'

In [3]: data=pyfits.getdata(file)

In [4]: data.shape
Out[4]: (0,)

In [5]: data=pyfits.getdata(file,1)

In [6]: data.shape
Out[6]: (1000,)

In [7]: fits.info(file)
Filename: result.fits
No.    Name         Type      Cards   Dimensions   Format
0    PRIMARY     PrimaryHDU       5   (0,)            
1                BinTableHDU     45   1000R x 18C   [1K, 1D, 1D, 1E, 1E, 1E, 1E, 1E, 1J, 1J, 1J, 1J, 1K, 6A, 1E, 1J, 1J, 1J]   

In [8]: data.dtype
Out[8]: dtype([('objid', '>i8'), ('ra', '>f8'), ('dec', '>f8'), ('u', '>f4'), ('g', '>f4'), ('r', '>f4'), ('i', '>f4'), ('z', '>f4'), ('run', '>i4'), ('rerun', '>i4'), ('camcol', '>i4'), ('field', '>i4'), ('specobjid', '>i8'), ('class', 'S6'), ('redshift', '>f4'), ('plate', '>i4'), ('mjd', '>i4'), ('fiberid', '>i4')])

In [9]: data.dtype.names
Out[9]: 
('objid',
 'ra',
 'dec',
 'u',
 'g',
 'r',
 'i',
 'z',
 'run',
 'rerun',
 'camcol',
 'field',
 'specobjid',
 'class',
 'redshift',
 'plate',
 'mjd',
 'fiberid')

In [10]: import pylab as py

In [11]: help(data)


In [12]: help(data['ra'])


In [13]: data['ra']
Out[13]: 
array([ 348.90253017,   51.443695  ,   51.48358352,   49.62748512,
         40.28569041,   40.27210524,   57.02533658,   57.04705243,
         57.28161521,   57.51210371,   57.6053753 ,   57.82499868,
         57.94345784,   58.17545939,   58.30402353,   58.39573625,
         36.65367411,   37.69012629,   40.27974075,   44.22317869,
         44.24428244,   44.25540423,   44.28880258,   44.39050298,
         44.39308639,   44.44335144,   44.45203313,   46.10940404,
         49.29680887,   50.91716772,   50.82706727,   50.9079312 ,
         50.78679724,   52.93588065,   55.05316751,   55.14054397,
         55.25578886,   55.1236253 ,   55.6351766 ,   55.63246604,
         55.48060409,   55.39207166,   55.33701954,   55.33427706,
         55.59012356,   56.3090189 ,   56.31589847,   56.51254931,
         56.27325484,   56.02733053,   56.00777704,   55.83199633,
         55.81069754,   55.72970842,   55.59362538,   55.58549933,
         56.33899814,   55.45125252,   55.32006591,   56.51789951,
         57.24838495,   57.26897004,   57.28921212,   56.61113742,
         56.6662607 ,   56.84742003,   56.40051758,   55.42141309,
         56.50832314,   56.78138702,   55.54596332,   94.50127999,
         95.1551946 ,   95.37392372,   95.38913714,   95.53087151,
         95.58105263,   58.21248812,   94.2294089 ,   94.27762206,
         94.45240165,   94.52134906,   94.61814792,   94.79921525,
         94.80707075,   95.17998742,   95.27818926,   95.29461979,
         95.46540854,   95.57935266,   95.67044221,   95.71745525,
         95.72428236,   57.52075961,   95.87785317,   57.67471988,
         95.07755638,   95.40199402,   95.47231928,   95.54610508,
         58.24875454,   96.10779549,   96.11838717,   94.87728201,
         94.89291904,   94.97868188,   96.1220361 ,   96.13707832,
         96.15495111,   58.28764162,   58.38710366,   95.03392948,
         94.31534394,   94.59816769,   95.69642606,   96.04759172,
         96.15270307,   95.19198918,   95.22176803,   96.18610333,
         95.45980927,   95.45034869,   96.29367368,   95.54867024,
         94.18068055,   95.5789756 ,   95.59174469,   95.64461932,
         95.67677885,   94.206515  ,   94.58458675,   95.62343976,
         94.73941787,   95.64974016,   94.77492939,   94.80742447,
         95.18313395,   95.69096743,   95.21244192,   95.28764076,
         95.32368319,   95.34389894,   95.71373072,   95.75094757,
         95.37587529,   95.66787042,   95.80614514,   95.80864826,
         95.73291523,   96.05727986,   96.08044381,   96.09098548,
         96.10329076,   95.85382063,   95.90375309,   96.17504631,
         96.18163387,   96.19519307,   94.12827886,   94.12205772,
         94.13814749,   95.92235993,   94.24073752,   94.26752288,
         94.32882106,   95.9639749 ,   94.35336264,   94.35654528,
         94.47090234,   94.54919841,   96.06496046,   94.56908088,
         96.0721633 ,   96.10770437,   94.73171624,   94.79943821,
         94.8776627 ,   94.95739304,   96.12617156,   95.0304145 ,
         96.02660543,   95.23261128,   95.53978577,   94.15118453,
         95.68718817,   95.55416064,   94.19350543,   95.95550246,
         96.00814084,   94.24350081,   94.39819711,   95.57960941,
         96.11457627,   94.44859425,   94.6165476 ,   94.66619266,
         95.35988081,   95.72795815,   95.83358446,   95.81343978,
         95.83073508,   94.78157627,   94.63769715,   95.23848776,
         94.96490481,   95.38906714,   95.48373556,   94.4839211 ,
         94.68555372,   95.55117971,   95.4961657 ,   95.59307985,
         94.16282682,   95.62871623,   95.67813466,   95.8435402 ,
         96.02778999,   94.21593493,   96.02902532,   96.03670489,
         94.31229267,   96.03725194,   94.43068704,   94.47134638,
         96.11593892,   96.12203901,   95.57538065,   96.12947402,
         96.16808772,   83.48451277,   96.0625995 ,   96.13386716,
         96.20762835,   96.2143319 ,   95.60003099,   96.21868127,
         94.31040732,   96.22423354,   83.55350999,   96.23489839,
         96.2904043 ,   96.30331123,   96.31548469,   96.34636316,
         94.10025982,   94.17779515,   83.12599866,   95.24923325,
         94.5030469 ,   95.69828027,   94.67949899,   94.81361725,
         94.51335469,   94.81333019,   95.03872676,   94.59731098,
         94.66229345,   94.53828779,   95.27004116,   95.96444802,
         95.18280024,   95.26604852,   94.75659566,   94.75952303,
         94.80144598,   95.69895541,   95.71152143,   94.82660781,
         95.73140238,   95.73998592,   95.9100341 ,   94.88321239,
         96.27467404,   94.9372491 ,   94.95027439,   94.98627545,
         94.16035589,   96.29467872,   95.00262841,   95.92758397,
         72.93996834,   95.43095446,   95.46312348,   95.48341442,
         95.54443399,   96.04887964,   94.49881867,   94.63698134,
         94.88388704,   95.09141121,   95.06938207,   95.24288661,
         94.23406952,   94.40986946,   94.43369022,   94.4436366 ,
         94.51833361,   94.48065021,   94.53174785,   94.53207616,
         94.5704586 ,   94.57799762,   94.59326567,   94.87250988,
         94.91536686,   95.28709856,   95.39234187,   95.47824954,
         95.48751035,   95.46069815,   95.57189081,   95.57633497,
         95.66534099,   95.97277603,   96.12971794,   83.09738392,
         94.86108244,   94.3816607 ,   95.22195049,   95.50218783,
         95.29936364,   94.60407355,   95.41001161,   95.52951638,
         82.67747226,   91.15440024,   95.22612606,   95.22817945,
         71.48356144,   71.55960358,   81.88216649,   82.74857571,
         82.75147789,   71.68739779,   81.85541848,   81.96097593,
         82.75112085,   83.27054771,   83.29139198,   83.41763548,
         83.4651044 ,   83.41759813,   82.52581376,   83.48715805,
         81.96083781,   81.98492108,   82.39257724,   82.57010442,
         82.10372889,   82.36983366,   82.70535079,   81.91358368,
         81.98106755,   82.01307249,   84.35271641,   82.56602384,
         84.14828176,   84.22831476,   82.57005608,   84.25290135,
         82.46114966,   82.57889052,   83.39158411,   83.46643637,
         83.54103229,   82.37761513,   82.68198319,   56.48579615,
         56.90189437,   84.24223285,   85.70307378,   82.82426658,
         83.21117108,   82.59941208,   83.03754222,   83.24759031,
         82.77523833,   82.56326357,   83.24614687,   83.57148361,
         83.88433724,   84.04163889,   83.48175105,   82.27317122,
         82.40452046,   82.39043394,   82.42365433,   83.63129622,
         82.30377077,   83.61452023,   82.25423045,   84.09859801,
         84.19286661,   70.71630391,   83.04042946,   82.89034664,
         94.4854911 ,   94.83461107,   94.84306793,   94.8609752 ,
         94.89105277,   93.74268511,   93.84322371,   93.84953697,
         94.92607013,   91.66803346,   94.9692266 ,   94.98686439,
         94.73967539,   94.02870835,   94.04443794,   94.09626831,
         95.0819896 ,   95.13266285,   94.30631092,   94.33355328,
         94.32123769,   94.34086071,   94.36828003,   94.36169855,
         95.16986995,   95.18273554,   94.38744315,   95.20098763,
         95.20764499,   95.2601115 ,   95.26090813,   95.31442418,
         95.41053466,   95.41079226,   95.43278041,   95.4413728 ,
         95.45460854,   95.46060738,   95.47895257,   94.39751854,
         94.40864625,   94.43450996,   94.44923806,   94.49801553,
         94.50185725,   96.11098887,   94.54575525,   94.54944278,
         94.76608785,   82.92477561,   94.55083716,   95.85669564,
         95.87913271,   94.57092075,   95.96449435,   95.98790201,
         94.59715723,   94.77195959,   94.81962149,   94.61851483,
         94.64080592,   94.64204559,   94.66597033,   93.73093352,
         94.71708612,   94.42456579,   93.79730025,   93.88716395,
         94.9595729 ,   94.97392804,   94.97830131,   93.89949909,
         95.00602462,   95.03391444,   95.03186875,   93.97250844,
         93.99799265,   95.04948675,   94.91896063,   94.07874973,
         94.27687449,   94.96286051,   95.13873368,   95.16105798,
         94.33952428,   95.33867176,   95.42039909,   95.48456209,
         95.38326615,  120.33628358,   95.51619287,   95.55139619,
         94.46162198,   95.57207349,   95.61265298,   83.19365831,
         95.62394141,   95.65013908,   95.65157249,   94.54887641,
         95.61846434,   95.72206413,   95.72742065,   95.7754916 ,
         95.78999426,   95.92455021,   96.07652274,   94.68859566,
         94.68864542,   95.55226748,   93.89775465,   95.00707813,
         95.04456313,   93.93045538,   94.95128738,  125.8195058 ,
         95.51925147,   95.55011432,   95.00841934,  119.55206053,
        123.03938568,  123.02026454,  123.01653537,  123.34880716,
        121.06160474,  123.42613044,  121.37069489,  123.20250053,
        122.08789989,  120.75690923,  122.86399452,  120.90509661,
        122.98194516,  122.988638  ,  125.72587227,  122.93563541,
        123.67356051,  123.54526765,  123.26789524,  123.74304148,
        123.58796034,  123.61277709,  121.82075177,  183.70192877,
        120.10621562,  243.56752398,  245.49388727,  245.35937146,
        245.41765929,  245.4760412 ,  246.15248664,  246.16030037,
        184.06927393,  244.28491036,  243.84736854,  246.01517197,
        246.26815701,  249.65931494,  248.89452046,  249.58319571,
        249.49655124,  243.02100737,  244.57649694,  244.13885708,
        243.90744599,  244.10233217,  243.34702653,  239.36063522,
        244.49183099,  244.49679059,  243.70887609,  244.91639699,
        119.8645335 ,  244.16241188,  244.51266425,  244.81394477,
        244.92558212,  244.94905328,  245.70063316,  246.02074296,
        247.17610351,  245.97847935,  246.03437811,  246.69562578,
        247.02113909,  248.26901576,  249.69221198,  239.54322973,
        242.9819418 ,  242.95482286,  244.11295671,  238.17938659,
        239.40206995,  225.5292533 ,  245.36735255,  245.37669439,
        245.53882434,  246.27340301,  225.4943556 ,  247.25448865,
        242.43315985,  242.4376282 ,  242.44623829,  246.7820809 ,
        225.62254307,  238.00540818,  237.94514444,  248.578737  ,
        238.98777008,  239.40794525,  242.84436159,  242.89877878,
        242.94410225,  189.44854454,  189.45380099,  243.88439393,
        189.46874661,  189.52224925,  244.18148393,  239.51493468,
        174.16448829,  246.39334444,  244.93554483,  245.12849333,
        238.88330407,  240.17097845,  248.0338286 ,  248.06417201,
        246.02663538,  248.8750884 ,  225.61880162,  237.70734775,
        242.54447194,  237.77718279,  242.71985372,  239.54233997,
        189.42982097,  238.24975333,  243.38565454,  244.24155307,
        244.33086916,  244.63521666,  238.69943491,  247.84973576,
        239.11645616,  248.12536633,  243.23678163,  239.01092361,
        247.86385004,  242.68073859,  237.95926876,  238.07744237,
        242.90766177,  242.82935126,  239.38277934,  243.07639772,
        243.23698728,  121.31070738,  243.54224986,  243.58319595,
        238.46147707,  189.49714988,  238.42895573,  244.87559005,
        245.38188754,  245.67064057,  246.60554323,  246.62013657,
        247.58184624,  247.84014781,  239.01840168,  247.84243745,
        239.11209007,  248.21362133,  197.03162321,  245.10168954,
        197.212436  ,  197.23324068,  196.68260647,  196.71340297,
        197.27105351,  197.2514373 ,  197.29903157,  195.57297154,
        197.18088   ,  195.5936316 ,  195.64065897,  196.62217932,
        195.64151394,  195.71461266,  183.2337892 ,  195.88678522,
        183.44294432,  195.87590372,  183.47693392,  183.76457514,
        194.95360808,  196.0183236 ,  196.90046157,  196.116661  ,
        196.98011758,  196.19070404,  195.37784689,  195.45551489,
        197.08669286,  197.16018822,  195.61304501,  195.62988116,
        195.64436077,  195.63522908,  196.66153142,  197.64025587,
        197.01910203,  195.69788647,  197.96999853,  197.1076146 ,
        198.00504702,  249.31065493,  195.71712757,  249.94920582,
        196.7643215 ,  197.34665644,  197.34780334,  197.36056706,
        197.3935842 ,  196.99139892,  198.10972292,  198.12797198,
        198.13779721,  198.16950554,  195.40204442,  196.27796186,
        198.11083526,  196.34006836,  197.71153708,  197.63762629,
        197.03041096,  197.10272862,  196.51670915,  197.31682078,
        196.60800137,  198.01307395,  198.03385148,  198.04636575,
        238.37377069,  245.25664896,  238.85437265,  239.13957   ,
        239.16222256,  239.16331895,  244.06460241,  239.73041072,
        239.76694665,  197.35169018,  242.32778384,  242.48108498,
        242.61222626,  242.65298124,  242.70619937,  198.19227147,
        198.20566722,  244.53839285,  244.66256026,  242.76661918,
        197.47918327,  242.66286554,  242.67262966,  198.07420951,
        198.0887549 ,  244.68364776,  242.91993209,  242.89204391,
        197.88549007,  197.90262433,  198.14883219,  243.15460901,
        243.1794045 ,  243.20074207,  245.09033677,  196.49559361,
        243.21553231,  238.39950279,  243.69177484,  243.62192924,
        243.68983986,  245.32251172,  237.6010942 ,  237.71930038,
        237.72424034,  237.74490364,  237.79829928,  243.88308553,
        237.81141839,  237.86590581,  238.00969675,  238.05266962,
        238.04241511,  238.20482417,  247.75453379,  239.19201825,
        239.38956787,  239.68464682,  247.2880372 ,  247.97042525,
        242.73065473,  198.20672574,  198.20936186,  239.5228761 ,
        239.60125619,  246.99743384,  245.894634  ,  245.94574776,
        240.5582138 ,  246.52421459,  246.92359594,  239.7418435 ,
        246.94018017,  247.69267297,  247.99722555,  249.82069392,
        249.94977283,  242.96830969,  165.62928596,  165.6796445 ,
        243.08575857,  243.19243848,  165.7181798 ,  165.73405935,
        237.75611225,  237.87689968,  238.66116688,  237.79941786,
        165.68816517,  239.1187038 ,  246.00406852,  239.88444768,
        245.92621322,  248.93791623,  246.10947209,  241.40281299,
        246.21325608,  248.70463687,  241.49465001,  248.72885443,
        241.97558147,  246.30140825,  246.30835045,  247.39622136,
        248.51001526,  248.68587108,  249.19192259,  247.45353546,
        165.65173954,  243.29384739,  243.36770632,  237.53486302,
        243.37967538,  248.09808051,  243.39250907,  245.97400296,
        243.54070528,  238.23096916,  238.336501  ,  238.4892099 ,
        243.85469721,  238.539949  ,  248.16418083,  238.63016969,
        243.95880535,  244.03020402,  248.2070301 ,  244.15879609,
        244.35772138,  248.24522029,  238.9775598 ,  244.57295296,
        239.33955682,  248.28632103,  245.57755929,  245.67000272,
        246.04847895,  245.86289818,  248.58332472,  239.83560816,
        246.16841853,  239.44819466,  239.86504748,  246.09564409,
        240.19767005,  246.09630269,  248.65084727,  237.56617799,
        237.52823592,  246.1635974 ,  241.73653003,  242.20090378,
        242.32955812,  242.41659747,  242.376465  ,  247.32913126,
        242.4987541 ,  242.44478773,  249.0999074 ,  242.53676797,
        242.59456425,  242.68527192,  242.67352583,  238.55353885,
        239.82578107,  238.88988288,  243.36759272,  239.15138456,
        243.50572208,  243.57003582,  243.63738379,  243.76243968,
        239.45359692,  239.6784087 ,  244.41035906,  239.04606517,
        244.68239203,  244.74684456,  248.26127246,  244.98166587,
        238.41815135,  239.97459813,  239.6830925 ,  240.19721282,
        239.94497116,  249.50151497,  249.67988267,  249.75831329,
        241.07967156,  241.45335693,  242.55033916,  238.84770047,
        239.11812332,  243.6244029 ,  243.79416366,  239.17506421,
        239.40924085,  243.80062744,  243.82832752,  245.08663422,
        245.28166962,  245.66360311,  245.69120549,  246.0849394 ,
        246.48397917,  246.48834359,  239.85877991,  248.44243078,
        248.68332679,  249.11298618,  238.9521134 ,  248.98206972,
        249.61617245,  249.72357433,  241.05081367,  241.0794562 ,
        241.34291697,  183.2930157 ,  244.16317153,  244.49357387,
        244.45636021,  244.64148595,  244.69346909,  183.10470007,
        245.71579341,  246.3372262 ,  183.12802399,  244.99511229,
        183.02861841,  249.37173828,  249.39341184,  240.59702375,
        237.64948063,  184.60593567,  183.23915881,  242.50483168,
        184.18795195,  239.28438859,  240.11967252,  242.56898292,
        183.8593745 ,  183.90189842,  183.94310111,  184.75125815,
        183.96423834,  184.86416394,  184.10658871,  185.01215904,
        183.56951923,  183.47399641,  183.5668161 ,  243.92750112,
        244.71628729,  244.73529772,  185.19010245,  184.37075087,
        184.38803018,  247.99927023,  248.19300235,  183.70283875])

In [14]: data['dec']
Out[14]: 
array([ 1.27188625,  1.27007272,  1.27201267, -1.04176914, -0.71495662,
       -0.64251025,  0.20884498,  0.08430428,  0.01876788,  0.08488663,
        0.02727512,  0.21560894,  0.05967778,  0.21869332,  0.01381365,
        0.20976589,  0.63110254,  0.63037239,  0.56350919,  1.05138255,
        0.91322982,  1.05497616,  0.89350979,  0.90330612,  0.95784027,
        1.01836368,  0.91496602,  1.04590605,  1.04741017,  0.90169045,
        0.93987512,  0.99125873,  1.02659854,  1.04755439,  0.88587416,
        0.89611822,  0.89802618,  0.87248721,  1.04641324,  0.91217184,
        1.0413969 ,  0.85793449,  0.96070193,  0.91401024,  0.89631647,
        0.86242553,  0.88308968,  1.00178944,  0.87128292,  0.93518096,
        0.9585712 ,  0.89083362,  0.87328774,  0.90339761,  1.00002821,
        1.02147553,  0.86787291,  0.91939863,  0.88342193,  0.88506736,
        0.92597889,  0.89927304,  0.89108642,  0.93710253,  0.94033544,
        0.87548766,  1.04752793,  0.91688827,  0.86012526,  1.00034295,
        0.86670069, -0.67806906, -0.84397735, -0.66962035, -0.69679587,
       -0.80952047, -0.69663479,  1.040196  , -0.81501464, -0.75532006,
       -0.74918808, -0.77734969, -0.66228482, -0.71803424, -0.78431078,
       -0.77151834, -0.66714479, -0.77023917, -0.67416127, -0.8373582 ,
       -0.7327638 , -0.7652016 , -0.82761688,  0.97476869, -0.69842784,
        1.04075486, -0.29045938, -0.35854112, -0.28807575, -0.25266757,
        0.91107411, -0.29188636, -0.3077484 , -0.69419922, -0.78635014,
       -0.74553323, -0.35672906, -0.38723787, -0.37503188,  0.93563335,
        1.0425812 , -0.83734761, -0.7949156 , -0.80804697,  0.10776457,
        0.16370051,  0.06228696,  0.09845512,  0.13218958,  0.00331511,
        0.15500936,  0.1379043 ,  0.0971144 ,  0.17344128, -0.32703742,
        0.14675743,  0.0560585 ,  0.08542327,  0.12097173, -0.2504532 ,
       -0.38673887,  0.17171301, -0.37440721,  0.12555575, -0.39167993,
       -0.27720497, -0.30871373,  0.04518305, -0.3458556 , -0.29300188,
       -0.29419168, -0.27701651,  0.07514165,  0.10390341, -0.25595844,
       -0.33413042,  0.02734061,  0.09870696, -0.42305473, -0.35274901,
       -0.35985234, -0.39884908, -0.2456218 ,  0.01570868,  0.16063163,
       -0.30630943, -0.24705672, -0.27363244,  0.0491591 ,  0.16567903,
        0.0683734 ,  0.0146223 ,  0.05101708,  0.05851493,  0.13828261,
        0.00175837,  0.11761193, -0.00278893,  0.02367155,  0.03087484,
        0.15037704,  0.14431594,  0.07429747,  0.06546138,  0.00839758,
       -0.00477543,  0.11927658,  0.0944421 ,  0.05973283,  0.01170538,
        0.15157983,  0.14925467,  0.02010805,  0.55695512,  0.56858705,
        0.05903576,  0.54591068,  0.42012513,  0.52064598,  0.44708813,
        0.52809017,  0.16773284,  0.11185891, -0.40512426, -0.25969154,
       -0.34317694, -0.2914817 , -0.34233034, -0.32254483,  0.12603655,
        0.06091086,  0.46923641,  0.07871644,  0.52228304,  0.17114688,
        0.57866775,  0.52836476,  0.59252448,  0.59722549,  0.59416927,
        0.58838121,  0.51975933,  0.59554942,  0.55208308,  0.45029514,
        0.56005004,  0.5095473 ,  0.4341806 ,  0.5897481 ,  0.46847789,
        0.48743959,  0.55860921,  0.52616471,  0.48665068,  0.56963958,
        0.52209391,  0.07085399,  0.46370664,  0.52333049, -0.85257834,
        0.43814135,  0.48971441,  0.52507543,  0.54800689,  0.01036936,
        0.50182975, -0.35081748,  0.57946704, -1.00559398,  0.4239757 ,
        0.51442542,  0.57387443,  0.49219317,  0.54449256,  0.88773775,
        0.89113128, -0.92349634, -0.36277761,  0.47585147,  0.15660616,
        0.84232102,  0.86415918,  0.56697893,  0.98079805,  0.90854575,
        0.50081919,  0.559813  ,  0.58161088,  0.85898722, -0.42323155,
        1.00530097,  0.94006658,  0.54598065,  0.48920628,  0.48003106,
        0.97563363,  0.94115302,  0.51157929,  1.00197227,  0.86188043,
        0.10792278,  0.52881062,  0.8421804 ,  0.42684984,  0.49099346,
        0.46275521,  0.15832062,  0.87935455,  0.43915517,  0.08836182,
       -0.94674674,  0.51485813,  0.42312816,  0.56149561,  0.42039418,
        0.58053796,  0.9896609 ,  0.97496299,  0.99068552,  0.96389385,
        0.96711931,  0.9705934 ,  0.85190608,  0.93406842,  0.97205221,
        0.8529224 ,  0.83912373,  1.00205916,  0.92883193,  0.87723019,
        0.99718823,  0.87734683,  0.94895974,  0.83828225,  0.9453789 ,
        0.96691845,  0.91935475,  0.84253212,  0.9253119 ,  0.87040944,
        0.95321666,  0.98893607,  0.88027697,  0.84720136,  0.99675925,
       -0.84021685,  0.89841252,  0.94204862,  0.86832355,  0.96326346,
        0.8903747 ,  0.92517741,  0.83814123,  0.97069288, -0.60151566,
       -0.56283599,  0.95725098,  0.89117489, -0.07201873, -0.06791537,
       -0.60334742, -0.47792554, -0.61903858, -0.0072313 , -0.06404347,
       -0.07710656, -0.13409721, -0.07285583, -0.04562285, -0.04580533,
       -0.05921206, -0.11524762, -0.15959411, -0.02167988,  0.30720221,
        0.32291872,  0.37261314,  0.21938766,  0.38338867,  0.28622214,
        0.29606974,  0.30601202,  0.26516555,  0.22199678,  0.67157772,
        0.78000418,  0.64266832,  0.70453577,  0.68975804,  0.78827572,
        0.71658447,  0.67429492,  0.7612823 ,  0.77761008,  0.69280794,
        0.6558057 ,  0.71621431,  0.84353139,  0.84532973,  0.75284351,
        0.67203088,  0.77430069,  0.70893995,  1.15440893,  1.12699333,
        1.20003722,  0.80160558,  1.22665996,  1.1716698 ,  1.18956054,
        1.05909882,  1.12045194,  1.21662082,  1.07944736,  1.0854119 ,
        1.20658774,  1.09451559,  0.15949034,  1.22782544,  0.03804455,
        1.05693761, -0.35026489, -0.24329122,  0.09016979, -0.02386009,
       -0.00642826,  1.29940826,  1.37434038,  1.26588133,  1.2763341 ,
        1.39645974,  1.28512496,  1.32621924,  1.36240205,  1.29283051,
        0.24490207,  1.414173  ,  1.38645939,  1.39502778,  1.38136404,
        1.31246387,  1.27922903,  1.31036359,  1.33708347,  1.27283032,
        1.40613689,  1.38588763,  1.30169899,  1.36228628,  1.32857519,
        1.3374417 ,  1.35651354,  1.37686879,  1.38590906,  1.42210664,
        1.36938796,  1.39607592,  1.32015655,  1.26167254,  1.34683742,
        1.30959973,  1.35148406,  1.27760349,  1.32324033,  1.30556893,
        1.39257959,  1.36210584,  1.35402491,  1.25734912,  1.26629079,
        1.36389245, -0.45316395,  1.41561444,  1.31080477,  1.43000775,
       -0.03225773,  1.27642408,  1.37512001,  1.38652331,  1.34919838,
        1.29117507,  1.35564103,  1.36997088,  1.39897714,  1.34388105,
        1.33474362,  1.31631873,  1.4044384 ,  1.30933333,  1.26301501,
        1.33153848,  1.41885128,  1.29144699,  1.30592448,  1.2931624 ,
        1.356035  ,  1.2827922 ,  1.40720204,  1.27115291,  1.34399923,
        1.27203452,  1.29920862,  1.29608449,  1.28070185,  1.31980109,
        1.26597742,  1.28355971,  1.34256222,  1.29904884,  1.40167675,
        1.35955134,  1.36360548,  1.29276013,  1.4006123 ,  1.32328851,
       -0.28347107,  1.35096704,  1.37627304,  1.27402523,  1.40853837,
        1.3134763 , -0.12804699,  1.34068848,  1.27808238,  1.32926901,
        1.36173827,  1.37974603,  1.39640517,  1.31341718,  1.32664908,
        1.27180933,  1.40241831,  1.27074225,  1.34036082,  1.42215215,
        1.31804906,  1.36504111,  1.32020618,  1.31213118,  1.34987282,
        1.31595579, -0.7716941 ,  1.32921178,  1.27405726,  1.35860735,
        0.48665791,  0.93007046,  0.91187456,  0.84814536,  0.92252365,
        1.00643833,  0.88188384,  0.97903664,  0.90512994,  0.84314689,
        0.58562724,  0.89615082,  0.52905679,  0.96385694,  0.97374294,
       -0.7839838 ,  0.89908553,  0.86134854,  0.93139212,  0.96099346,
        1.00639862,  0.91973867,  0.94878711,  0.93199038, -0.63199313,
        0.99465053, -0.88044587, -0.90374239, -0.90539288, -0.85560515,
       -0.85992428, -0.91912526, -0.89666204, -0.63151278, -0.45547662,
       -0.89834324, -0.90286876, -0.4269899 , -0.90486705, -0.45232948,
       -0.91585288, -0.49846826, -0.49456988, -1.25526341, -0.48450816,
        0.00239456,  0.0026196 ,  0.42413707, -0.91668972, -0.47056556,
       -0.49839785, -0.91565296, -0.52307565,  0.57722309, -0.88989312,
       -0.93418266, -0.93777472, -0.4558364 , -0.8942349 , -0.84430058,
       -0.87744793, -0.882946  , -0.48345549, -0.47328405, -0.51011072,
       -0.44867662, -0.48891992, -0.89102654, -0.08787807, -0.48508975,
       -0.44645743, -0.49248534, -0.09016913, -0.97587876, -0.02978777,
       -0.4570738 , -0.45700794, -0.87255523, -0.9354514 , -0.11431691,
       -0.85453085, -0.11513556, -0.15812041, -0.01849817, -0.49243155,
       -0.10097863, -0.20086937, -0.10517042, -0.0967045 , -0.60233474,
       -0.50993334, -0.07564666, -0.01546193, -0.03445133, -0.05274525,
       -0.09731284, -0.45842313, -0.03599975, -0.02703136, -0.04076233,
       -0.12423887, -0.95670747, -0.03218304, -0.47924699, -0.49941543,
       -0.18194798, -0.07726834, -0.07864531, -0.04993214, -0.01934192,
       -0.01875706, -0.07221064, -0.11729113, -0.17694122, -0.1957808 ,
       -0.00542934, -0.52222419, -0.13104211, -0.0052736 , -0.0586182 ,
       -0.04843784, -0.08199283, -0.07609264, -0.17000008, -0.03603831,
       -0.18404558, -0.08699977, -0.09625126, -0.1227369 , -0.03144209,
       -0.1436125 , -0.06335081, -0.07162017, -0.1438063 , -0.09437147,
       -0.46764507, -0.05123508, -0.10019016,  0.01631136, -0.03783171,
       -0.03156413, -0.18367121, -0.11058548, -0.05072428, -0.03852625,
       -0.07236389, -0.02351603, -0.06344774, -0.0202439 , -0.04387347,
       -0.10338509, -0.09231064, -0.09420603, -0.02181603, -0.04371714,
        0.25135549, -0.0960893 ,  0.40535438,  0.25780436,  0.25893928,
        0.2984532 ,  0.34805488,  0.38271987,  0.27583211,  0.28884825,
        0.31574156,  0.24549689,  0.37043185,  0.31698539,  0.29202236,
        0.33282316,  0.2082068 ,  0.32340543,  0.2086026 ,  0.39066891,
        0.20454006,  0.20534628,  0.22917829,  0.27139504,  0.24020988,
        0.25136318,  0.29025981,  0.2332142 ,  0.26513643,  0.40867751,
        0.22503931,  0.24842016,  0.39475592,  0.3991904 ,  0.34856464,
        0.34515011,  0.3086536 ,  0.25134368,  0.24064391,  0.28895869,
        0.30569541,  0.39662699,  0.28087472, -0.06468812,  0.40692775,
       -0.09202055,  0.23025287,  0.26274564,  0.30719249,  0.35986912,
        0.31483949,  0.40255692,  0.36803502,  0.28469026,  0.31105895,
        0.28823015,  0.3374857 ,  0.3190456 ,  0.41027485,  0.28897895,
        0.40589081,  0.30393691,  0.23934517,  0.34656354,  0.34706405,
        0.26195231,  0.31725494,  0.2505845 ,  0.34943836,  0.37696945,
        0.3367388 ,  0.40524833,  0.22032119,  0.35962956,  0.35111668,
        0.33464254,  0.33818438,  0.37582621,  0.24623814,  0.23635754,
        0.37253564,  0.22649385,  0.29527564,  0.3125567 ,  0.31285355,
        0.24561879,  0.22666749,  0.35408967,  0.3677322 ,  0.38088838,
        0.38993716,  0.2956914 ,  0.27652001,  0.27980378,  0.3078998 ,
        0.35531165,  0.32596329,  0.28431835,  0.38390507,  0.40287438,
        0.22629581,  0.37997163,  0.37998329,  0.37946385,  0.34705112,
        0.21868516,  0.37975804,  0.25971352,  0.37337072,  0.34183194,
        0.34881691,  0.36926139,  0.37632958,  0.40133485,  0.36607605,
        0.26991157,  0.3196243 ,  0.38826791,  0.29300637,  0.23560108,
        0.33534304,  0.28710712,  0.39391509,  0.32601107,  0.34044729,
        0.36257273,  0.31614009,  0.24107482,  0.33798914,  0.38201123,
        0.31495531,  0.22101631,  0.30828529,  0.65089562,  0.69235184,
        0.32786566,  0.34411612,  0.37572428,  0.71940137,  0.35232201,
        0.3744729 ,  0.25424071,  0.34359212,  0.41237306,  0.35659059,
        0.4102827 ,  0.41629368,  0.81999199,  0.79328943,  0.78906262,
        0.80487917,  0.80631926,  0.67707633,  0.6613273 ,  0.83004203,
        0.70151494,  0.81284973,  0.2973353 ,  0.66072594,  0.74842341,
        0.79091928,  0.76302615,  0.36045654,  0.77697435,  0.74575522,
        0.73271584,  0.73596287,  0.80372297,  0.69605006,  0.7566086 ,
        0.67508511,  0.75808846,  0.83513097,  0.80710454,  0.40883635,
        0.40213441,  0.32450734,  0.81456229,  0.69352377,  0.76819889,
        0.8185531 ,  0.81960441,  0.81351981,  0.83183789,  0.756451  ,
        0.78860668,  0.81036697,  0.71802538,  0.80781029,  0.68808952,
        0.82336689,  0.67639718,  0.82314169,  0.71553716,  0.8348429 ,
        0.83301634,  0.82576953,  0.81458604,  0.75805569,  0.82106902,
        0.68611692,  0.75020014,  0.79704777,  0.81071754,  0.76560137,
        0.79087224,  0.76253406,  0.82648658,  0.80371508,  0.76564152,
        0.81566668,  0.69699234,  1.08797431,  0.82224969,  1.09528018,
        0.79141387,  0.75581528,  1.21141857,  1.17246818,  0.78291729,
        0.71253695,  0.69678818,  0.70887488,  0.79417954,  0.79351361,
        0.76433517,  0.77721095,  0.68689756,  0.38408517,  0.76970221,
        0.72828779,  0.78070356,  0.64562941,  1.1888505 ,  1.11512688,
        1.2023145 ,  0.78421114,  1.06863771,  0.75553593,  0.79461416,
        0.8216864 ,  0.8277865 ,  1.12458177,  1.19478032,  0.81479136,
        0.73043127,  0.79494412,  0.78707654,  0.7841769 ,  0.79887044,
        1.22644824,  1.08073578,  0.67859425,  1.06975563,  0.7971368 ,
        0.78827593,  0.79856068,  0.83132372,  1.15643632,  1.10397579,
        0.78370875,  1.15592936,  1.22637556,  1.16759755,  1.16591225,
        1.06785073,  1.09008013,  0.8134601 ,  0.77231838,  1.22843622,
        1.17775832,  1.24761754,  1.24375842,  1.17414161,  1.25125022,
        1.18278773,  1.1245899 ,  1.17818212,  1.17754594,  1.23571736,
        1.20601242,  0.73761717,  0.81116652,  0.81128197,  1.0876957 ,
        1.13851682,  1.17430066, -1.19554066,  1.20776657,  1.15513866,
        1.16177485,  1.25078594,  1.20067893, -1.24280703,  1.24538807,
        1.2435737 , -1.17033641,  0.77632988, -1.07270795,  1.16689928,
        1.18913807,  1.19663946,  1.12996854, -1.21635578, -1.06269724,
        0.7103362 , -1.05461743,  1.08705539,  1.17408177,  0.75011958,
       -1.19507753, -1.17398092, -1.22769261, -1.11489842, -1.20695534,
       -1.23675439, -1.08245167, -1.1114411 , -1.10524362, -1.23142863,
       -1.13587774,  1.24902477,  1.1816792 ,  1.18417872, -1.10340715,
       -1.06639252, -1.1931331 ,  1.21543765,  1.21995849, -1.07713578])

In [15]: data[10]
Out[15]: (1237645942905700448, 57.60537529953217, 0.027275122129199705, 18.218735, 15.952458, 14.956364, 14.590386, 14.364373, 109, 301, 4, 153, 1398503797533206528, 'STAR', -2.6190979e-05, 1242, 52901, 495)

In [16]: data.dtype
Out[16]: dtype([('objid', '>i8'), ('ra', '>f8'), ('dec', '>f8'), ('u', '>f4'), ('g', '>f4'), ('r', '>f4'), ('i', '>f4'), ('z', '>f4'), ('run', '>i4'), ('rerun', '>i4'), ('camcol', '>i4'), ('field', '>i4'), ('specobjid', '>i8'), ('class', 'S6'), ('redshift', '>f4'), ('plate', '>i4'), ('mjd', '>i4'), ('fiberid', '>i4')])

In [17]: data['plate'][10]
Out[17]: 1242

In [18]: data[10]['plate']
Out[18]: 1242

In [19]: data[10]['mjd']
Out[19]: 52901

In [20]: data[10]['fiber']
ERROR: KeyError: "Key 'fiber' does not exist." [pyfits.column]
---------------------------------------------------------------------------
KeyError                                  Traceback (most recent call last)
<ipython-input-20-552379e33b0b> in <module>()
----> 1 data[10]['fiber']

/sw/lib/python2.7/site-packages/pyfits/fitsrec.pyc in __getitem__(self, key)
     65     def __getitem__(self, key):
     66         if isinstance(key, basestring):
---> 67             indx = _get_index(self.array.names, key)
     68 
     69             if indx < self.start or indx > self.end - 1:

/sw/lib/python2.7/site-packages/pyfits/column.pyc in _get_index(names, key)
    891                 indx = names.index(_key)
    892             elif count == 0:
--> 893                 raise KeyError("Key '%s' does not exist." % key)
    894             else:              # multiple match
    895                 raise KeyError("Ambiguous key name '%s'." % key)

KeyError: "Key 'fiber' does not exist."

In [21]: data.dtype
Out[21]: dtype([('objid', '>i8'), ('ra', '>f8'), ('dec', '>f8'), ('u', '>f4'), ('g', '>f4'), ('r', '>f4'), ('i', '>f4'), ('z', '>f4'), ('run', '>i4'), ('rerun', '>i4'), ('camcol', '>i4'), ('field', '>i4'), ('specobjid', '>i8'), ('class', 'S6'), ('redshift', '>f4'), ('plate', '>i4'), ('mjd', '>i4'), ('fiberid', '>i4')])

In [22]: data[10]['fiberib']
ERROR: KeyError: "Key 'fiberib' does not exist." [pyfits.column]
---------------------------------------------------------------------------
KeyError                                  Traceback (most recent call last)
<ipython-input-22-2870303f7ffd> in <module>()
----> 1 data[10]['fiberib']

/sw/lib/python2.7/site-packages/pyfits/fitsrec.pyc in __getitem__(self, key)
     65     def __getitem__(self, key):
     66         if isinstance(key, basestring):
---> 67             indx = _get_index(self.array.names, key)
     68 
     69             if indx < self.start or indx > self.end - 1:

/sw/lib/python2.7/site-packages/pyfits/column.pyc in _get_index(names, key)
    891                 indx = names.index(_key)
    892             elif count == 0:
--> 893                 raise KeyError("Key '%s' does not exist." % key)
    894             else:              # multiple match
    895                 raise KeyError("Ambiguous key name '%s'." % key)

KeyError: "Key 'fiberib' does not exist."

In [23]: data[10]['fiberid']
Out[23]: 495

In [24]: data[10]
Out[24]: (1237645942905700448, 57.60537529953217, 0.027275122129199705, 18.218735, 15.952458, 14.956364, 14.590386, 14.364373, 109, 301, 4, 153, 1398503797533206528, 'STAR', -2.6190979e-05, 1242, 52901, 495)

In [25]: data.dtype.names
Out[25]: 
('objid',
 'ra',
 'dec',
 'u',
 'g',
 'r',
 'i',
 'z',
 'run',
 'rerun',
 'camcol',
 'field',
 'specobjid',
 'class',
 'redshift',
 'plate',
 'mjd',
 'fiberid')

In [26]: py.plot(data['u'], data['g']-data['r'], 'o')
Out[26]: [<matplotlib.lines.Line2D at 0x112552d10>]

In [27]: py.clf()

In [28]: py.plot(data['g']-data['r'], data['u'] 'o')
  File "<ipython-input-28-5823c1a338fe>", line 1
    py.plot(data['g']-data['r'], data['u'] 'o')
                                             ^
SyntaxError: invalid syntax


In [29]: py.plot(data['g']-data['r'], data['u'], 'o')
Out[29]: [<matplotlib.lines.Line2D at 0x11257b090>]

In [30]: py.xlabel('g-r [mag]')
Out[30]: <matplotlib.text.Text at 0x11255c3d0>

In [31]: py.ylabel('u [mag]')
Out[31]: <matplotlib.text.Text at 0x11252e5d0>

In [32]: 
Do you really want to exit ([y]/n)? 
[Calm-2 sdss_project] ls
result.fits         simple_results_sdss.sql
simple_results.py
[Calm-2 sdss_project] git status
On branch master

Initial commit

Untracked files:
  (use "git add <file>..." to include in what will be committed)

    result.fits
    simple_results.py
    simple_results_sdss.sql

nothing added to commit but untracked files present (use "git add" to track)
[Calm-2 sdss_project] ls
result.fits         simple_results_sdss.sql
simple_results.py
[Calm-2 sdss_project] git add *
[Calm-2 sdss_project] git status
On branch master

Initial commit

Changes to be committed:
  (use "git rm --cached <file>..." to unstage)

    new file:   result.fits
    new file:   simple_results.py
    new file:   simple_results_sdss.sql

[Calm-2 sdss_project] git commit
[master (root-commit) c55756f] Simple exercise with SDSS.
 3 files changed, 140 insertions(+)
 create mode 100644 result.fits
 create mode 100644 simple_results.py
 create mode 100644 simple_results_sdss.sql
[Calm-2 sdss_project] ipy
Python 2.7.6 (default, Jan 11 2014, 14:12:51) 
Type "copyright", "credits" or "license" for more information.

IPython 1.1.0 -- An enhanced Interactive Python.
?         -> Introduction and overview of IPython's features.
%quickref -> Quick reference.
help      -> Python's own help system.
object?   -> Details about 'object', use 'object??' for extra details.
Using matplotlib backend: GTKAgg

In [1]: from astropy.io import fits

In [2]: import numpy as np

In [3]: import pylab as plt

In [4]: 

In [4]: file='result.fits'

In [5]: 

In [5]: data=fits.getdata(file,1)

In [6]: data.dtype
Out[6]: dtype([('objid', '>i8'), ('ra', '>f8'), ('dec', '>f8'), ('u', '>f4'), ('g', '>f4'), ('r', '>f4'), ('i', '>f4'), ('z', '>f4'), ('run', '>i4'), ('rerun', '>i4'), ('camcol', '>i4'), ('field', '>i4'), ('specobjid', '>i8'), ('class', 'S6'), ('redshift', '>f4'), ('plate', '>i4'), ('mjd', '>i4'), ('fiberid', '>i4')])

In [7]: data.shape
Out[7]: (1000,)

In [8]: from simple_results import plot_u_gr

In [9]: plot_u_gr(data['u'], data['g'], data['r'])
ERROR: NameError: global name 'py' is not defined [simple_results]
---------------------------------------------------------------------------
NameError                                 Traceback (most recent call last)
<ipython-input-9-aa7902a9a871> in <module>()
----> 1 plot_u_gr(data['u'], data['g'], data['r'])

/Users/wmwv/sdss_project/simple_results.py in plot_u_gr(u, g, r)
     15     Output: Displays plot of u vs. g-r to screen
     16 """ 
---> 17     py.plot(g-r, u, 'o')
     18     py.xlabel('g-r [mag]')
     19     py.ylabel('u [mag]')

NameError: global name 'py' is not defined

In [10]: from simple_results import plot_u_gr

In [11]: plot_u_gr(data['u'], data['g'], data['r'])
ERROR: NameError: global name 'py' is not defined [simple_results]
---------------------------------------------------------------------------
NameError                                 Traceback (most recent call last)
<ipython-input-11-aa7902a9a871> in <module>()
----> 1 plot_u_gr(data['u'], data['g'], data['r'])

/Users/wmwv/sdss_project/simple_results.py in plot_u_gr(u, g, r)
     15     Output: Displays plot of u vs. g-r to screen
     16 """ 
---> 17     plt.plot(g-r, u, 'o')
     18     plt.xlabel('g-r [mag]')
     19     plt.ylabel('u [mag]')

NameError: global name 'py' is not defined

In [12]: 
Do you really want to exit ([y]/n)? 
[Calm-2 sdss_project] ipy
Python 2.7.6 (default, Jan 11 2014, 14:12:51) 
Type "copyright", "credits" or "license" for more information.

IPython 1.1.0 -- An enhanced Interactive Python.
?         -> Introduction and overview of IPython's features.
%quickref -> Quick reference.
help      -> Python's own help system.
object?   -> Details about 'object', use 'object??' for extra details.
Using matplotlib backend: GTKAgg

In [1]: from simple_results import plot_u_gr

In [2]: 
Do you really want to exit ([y]/n)? 
[Calm-2 sdss_project] python simple_results
python: can't open file 'simple_results': [Errno 2] No such file or directory
[Calm-2 sdss_project] python simple_results.py
[Calm-2 sdss_project] ipython
Python 2.7.6 (default, Jan 11 2014, 14:12:51) 
Type "copyright", "credits" or "license" for more information.

IPython 1.1.0 -- An enhanced Interactive Python.
?         -> Introduction and overview of IPython's features.
%quickref -> Quick reference.
help      -> Python's own help system.
object?   -> Details about 'object', use 'object??' for extra details.

In [1]: %run simple_results.py

In [2]: %run simple_results.py

In [3]: 
Do you really want to exit ([y]/n)? 
[Calm-2 sdss_project] python simple_results.py
[Calm-2 sdss_project] 
[Calm-2 sdss_project] python simple_results.py
[Calm-2 sdss_project] git status
On branch master
Changes not staged for commit:
  (use "git add <file>..." to update what will be committed)
  (use "git checkout -- <file>..." to discard changes in working directory)

    modified:   simple_results.py

no changes added to commit (use "git add" and/or "git commit -a")
[Calm-2 sdss_project] git commit -m "Adds show to plot function.  Adds plot to main script."
On branch master
Changes not staged for commit:
    modified:   simple_results.py

no changes added to commit
[Calm-2 sdss_project] git commit -a -m "Adds show to plot function.  Adds plot to main script."
[master 1c15543] Adds show to plot function.  Adds plot to main script.
 1 file changed, 11 insertions(+), 7 deletions(-)
[Calm-2 sdss_project] git status
On branch master
nothing to commit, working directory clean

#######################################################################
#### Using .gitignore to ignore files that we don't want to keep
####   in the repository.
#######################################################################
[Calm-2 ~] cd ~/sdss_project/
[Calm-2 sdss_project] ls
result.fits         simple_results.pyc
simple_results.py       simple_results_sdss.sql
[Calm-2 sdss_project] git status
On branch master
Changes not staged for commit:
  (use "git add <file>..." to update what will be committed)
  (use "git checkout -- <file>..." to discard changes in working directory)

    modified:   simple_results.py

Untracked files:
  (use "git add <file>..." to include in what will be committed)

    simple_results.pyc

no changes added to commit (use "git add" and/or "git commit -a")
[Calm-2 sdss_project] vi .gitignore
[Calm-2 sdss_project] git status
On branch master
Changes not staged for commit:
  (use "git add <file>..." to update what will be committed)
  (use "git checkout -- <file>..." to discard changes in working directory)

    modified:   simple_results.py

Untracked files:
  (use "git add <file>..." to include in what will be committed)

    .gitignore

no changes added to commit (use "git add" and/or "git commit -a")
[Calm-2 sdss_project] git add .gitignore
[Calm-2 sdss_project] gti commit 
-bash: gti: command not found
[Calm-2 sdss_project] git commit
[master ed9b5a7] Ignore compiled python files.
 1 file changed, 1 insertion(+)
 create mode 100644 .gitignore
[Calm-2 sdss_project] git status
On branch master
Changes not staged for commit:
  (use "git add <file>..." to update what will be committed)
  (use "git checkout -- <file>..." to discard changes in working directory)

    modified:   simple_results.py

no changes added to commit (use "git add" and/or "git commit -a")
[Calm-2 sdss_project] git commit -a
[master 76f009c] Try plotting.
 1 file changed, 12 insertions(+), 3 deletions(-)
[Calm-2 sdss_project] cat .gitignore 
*.pyc
[Calm-2 sdss_project] git status
On branch master
nothing to commit, working directory clean
[Calm-2 sdss_project] ls
result.fits         simple_results.pyc
simple_results.py       simple_results_sdss.sql
[Calm-2 sdss_project] ls .git
COMMIT_EDITMSG  config      index       objects/
HEAD        description info/       refs/
branches/   hooks/      logs/

#######################################################################
#### Adding in the full LOG file from the 2014-03-31 class session ####
#######################################################################
[Calm-2 sdss_project] vi LOG
[Calm-2 sdss_project] git add LOG
[Calm-2 sdss_project] git commit LOG
[master b49fa0a] LOG of terminals from demo in class
 1 file changed, 891 insertions(+)
 create mode 100644 LOG
[Calm-2 ~] git clone --bare sdss_project sdss_project.git
Cloning into bare repository 'sdss_project.git'...
done.
[Calm-2 ~] rsync sdss_project.git wmwv@ra.phyast.pitt.edu:~/repository/
[Calm-2 sdss_project] git remote add origin ssh://wmwv@ra.phyast.pitt.edu/home/bruno/users/wmwv/repository/sdss_project.git
[Calm-2 sdss_project] git remote show origin
* remote origin
  Fetch URL: ssh://wmwv@ra.phyast.pitt.edu/home/bruno/users/wmwv/repository/sdss_project.git
  Push  URL: ssh://wmwv@ra.phyast.pitt.edu/home/bruno/users/wmwv/repository/sdss_project.git
  HEAD branch: master
  Remote branch:
    master new (next fetch will store in remotes/origin)
  Local ref configured for 'git push':
    master pushes to master (up to date)
[Calm-2 sdss_project] git push -u
Branch master set up to track remote branch master from origin.
Everything up-to-date

#######################################################################
#### Adding the LOG adding commands to the LOG file
#######################################################################
[Calm-2 sdss_project] vi LOG
[Calm-2 sdss_project] git commit LOG
[master f7d5013] Created remote repository.
 1 file changed, 26 insertions(+)
[Calm-2 sdss_project] git push 
Counting objects: 5, done.
Delta compression using up to 2 threads.
Compressing objects: 100% (3/3), done.
Writing objects: 100% (3/3), 758 bytes | 0 bytes/s, done.
Total 3 (delta 2), reused 0 (delta 0)
To ssh://wmwv@ra.phyast.pitt.edu/home/bruno/users/wmwv/repository/sdss_project.git
   b49fa0a..f7d5013  master -> master

#######################################################################
#### Creating a repo copy on GitHub ####
#### Note that we are now setting up two remote repositories ####
#### 'origin': is on the Astro machines
#### 'github': is on github
#### The authoritative master is set by convention 
####   and human management not by technial fiat.
#######################################################################
[serenity tmp] git clone ssh://wmwv@ra.phyast.pitt.edu/home/bruno/users/wmwv/repository/sdss_project.git
Cloning into 'sdss_project'...
remote: Counting objects: 23, done.
remote: Compressing objects: 100% (22/22), done.
remote: Total 23 (delta 9), reused 0 (delta 0)
Receiving objects: 100% (23/23), 70.39 KiB | 0 bytes/s, done.
Resolving deltas: 100% (9/9), done.
Checking connectivity... done.
[serenity tmp] cd sdss_project/
[serenity sdss_project] git remote show origin
* remote origin
  Fetch URL: ssh://wmwv@ra.phyast.pitt.edu/home/bruno/users/wmwv/repository/sdss_project.git
  Push  URL: ssh://wmwv@ra.phyast.pitt.edu/home/bruno/users/wmwv/repository/sdss_project.git
  HEAD branch: master
  Remote branch:
    master tracked
  Local branch configured for 'git pull':
    master merges with remote master
  Local ref configured for 'git push':
    master pushes to master (up to date)
[serenity sdss_project] git remote add github https://github.com/wmwv/sdss_project.git
[serenity sdss_project] git push -u github master
Username for 'https://github.com': wmwv
Password for 'https://wmwv@github.com': 
Counting objects: 23, done.
Delta compression using up to 16 threads.
Compressing objects: 100% (13/13), done.
Writing objects: 100% (23/23), 70.39 KiB | 0 bytes/s, done.
Total 23 (delta 9), reused 23 (delta 9)
To https://github.com/wmwv/sdss_project.git
 * [new branch]      master -> master
Branch master set up to track remote branch master from github.

#### So now we have to learn what the implict defaults we've had before
#### Our local 'master' now tracks github 'master'
####   because that's exactly what '-u' option to 'push' does.
[serenity sdss_project] git remote -v
github  https://github.com/wmwv/sdss_project.git (fetch)
github  https://github.com/wmwv/sdss_project.git (push)
origin  ssh://wmwv@ra.phyast.pitt.edu/home/bruno/users/wmwv/repository/sdss_project.git (fetch)
origin  ssh://wmwv@ra.phyast.pitt.edu/home/bruno/users/wmwv/repository/sdss_project.git (push)

[serenity sdss_project] vi LOG
[serenity sdss_project] git add LOG
[serenity sdss_project] git commit
[master 42dccd7] Adds notes on setting up a github remote.
 1 file changed, 59 insertions(+), 3 deletions(-)
[serenity sdss_project] git push
Counting objects: 5, done.
Delta compression using up to 16 threads.
Compressing objects: 100% (3/3), done.
Writing objects: 100% (3/3), 1.15 KiB | 0 bytes/s, done.
Total 3 (delta 2), reused 0 (delta 0)
To https://github.com/wmwv/sdss_project.git
   c3e6d1c..42dccd7  master -> master

#### So we can both push to our Astro remote 
####  and update that to be the tracking branch with
[serenity sdss_project] git push origin master
Counting objects: 5, done.
Delta compression using up to 16 threads.
Compressing objects: 100% (3/3), done.
Writing objects: 100% (3/3), 1.15 KiB | 0 bytes/s, done.
Total 3 (delta 2), reused 0 (delta 0)
To ssh://wmwv@ra.phyast.pitt.edu/home/bruno/users/wmwv/repository/sdss_project.git
   c3e6d1c..42dccd7  master -> master
#### Recall that the syntax is git push <remote> <local>
#### While that might not make sense exactly it's because 
####   we want to keep the general remote local ordering in all git commands
####   and "git fetch remote" makes a lot of sense.
